[n1.hitechdonkey.com/index.html]
[backblue.gif]
[fade.gif]
[index.html]
[n1.hitechdonkey.com/assets/images/logo/favicon-icef.png]
[n1.hitechdonkey.com/assets/css/vendor/bootstrap.min.css]
[n1.hitechdonkey.com/assets/css/vendor/animate.min.css]
[n1.hitechdonkey.com/assets/css/plugins/nice-select.css]
[cdn.jsdelivr.net/npm/swiper@11/swiper-bundle.min.css]
[n1.hitechdonkey.com/assets/css/plugins/flatpickr.min.css]
[n1.hitechdonkey.com/assets/css/plugins/nouislider.min.css]
[n1.hitechdonkey.com/assets/css/vendor/magnific-popup.css]
[n1.hitechdonkey.com/assets/css/vendor/odometer.min.css]
[n1.hitechdonkey.com/assets/css/vendor/spacing.css]
[cdn.jsdelivr.net/npm/remixicon@4.3.0/fonts/remixicon.css]
[n1.hitechdonkey.com/assets/css/main.css]
[n1.hitechdonkey.com/about-mission.html]
[n1.hitechdonkey.com/assets/images/logo/logo-icef.png]
[n1.hitechdonkey.com/index-2.html]
[n1.hitechdonkey.com/industry-clients.html]
[n1.hitechdonkey.com/awards.html]
[n1.hitechdonkey.com/careers-culture.html]
[n1.hitechdonkey.com/it-emerging-tech-enablement.html]
[n1.hitechdonkey.com/iot-and-rfid.html]
[n1.hitechdonkey.com/application-development.html]
[n1.hitechdonkey.com/customized-software-development.html]
[n1.hitechdonkey.com/emerging-tech.html]
[n1.hitechdonkey.com/assessment-and-testing.html]
[n1.hitechdonkey.com/cognitive-domain.html]
[n1.hitechdonkey.com/online-offline.html]
[n1.hitechdonkey.com/proctoring.html]
[n1.hitechdonkey.com/recruitment-and-hiring.html]
[n1.hitechdonkey.com/screening.html]
[n1.hitechdonkey.com/assessments.html]
[n1.hitechdonkey.com/merit-lists.html]
[n1.hitechdonkey.com/exam-management.html]
[n1.hitechdonkey.com/question-banks.html]
[n1.hitechdonkey.com/exam-conduct.html]
[n1.hitechdonkey.com/exam-processing.html]
[n1.hitechdonkey.com/manpower-and-workforce.html]
[n1.hitechdonkey.com/outsourcing.html]
[n1.hitechdonkey.com/staffing.html]
[n1.hitechdonkey.com/deployment.html]
[n1.hitechdonkey.com/call-center-and-bpos.html]
[n1.hitechdonkey.com/inbound-outbound.html]
[n1.hitechdonkey.com/assets/images/mega-menu-feature.png]
[n1.hitechdonkey.com/support.html]
[n1.hitechdonkey.com/tele-calling.html]
[n1.hitechdonkey.com/why-choose-us.html]
[n1.hitechdonkey.com/articles.html]
[n1.hitechdonkey.com/faq.html]
[n1.hitechdonkey.com/case-study.html]
[n1.hitechdonkey.com/assets/images/gallery/gallery-thumb-01.webp]
[n1.hitechdonkey.com/contact.html]
[n1.hitechdonkey.com/assets/images/gallery/gallery-thumb-02.webp]
[n1.hitechdonkey.com/assets/images/gallery/gallery-thumb-03.webp]
[n1.hitechdonkey.com/assets/images/gallery/gallery-thumb-04.webp]
[n1.hitechdonkey.com/assets/images/gallery/gallery-thumb-05.webp]
[n1.hitechdonkey.com/assets/images/gallery/gallery-thumb-06.webp]
[n1.hitechdonkey.com/assets/images/about/1.webp]
[n1.hitechdonkey.com/assets/images/about/3.webp]
[n1.hitechdonkey.com/assets/images/shape/services-shape-01.webp]
[n1.hitechdonkey.com/assets/images/services/services-thumb-03.webp]
[n1.hitechdonkey.com/assets/images/services/services-thumb-04.webp]
[n1.hitechdonkey.com/assets/images/services/services-thumb-05.webp]
[n1.hitechdonkey.com/assets/images/services/services-thumb-06.webp]
[n1.hitechdonkey.com/assets/images/banner/banner-thumb-02.webp]
[n1.hitechdonkey.com/assets/images/banner/assessment-testing.webp]
[n1.hitechdonkey.com/assets/images/banner/recruitment.webp]
[n1.hitechdonkey.com/assets/images/banner/exam-management.webp]
[n1.hitechdonkey.com/assets/images/banner/manpower.webp]
[n1.hitechdonkey.com/assets/images/banner/call-center.webp]
[n1.hitechdonkey.com/solutions.html]
[n1.hitechdonkey.com/assets/images/user/indian-experts.png]
[n1.hitechdonkey.com/assets/images/feature/feature-thumb-05.webp]
[n1.hitechdonkey.com/assets/images/feature/feature-thumb-06.webp]
[n1.hitechdonkey.com/assets/images/feature/feature-thumb-07.webp]
[n1.hitechdonkey.com/assets/images/feature/feature-thumb-08.webp]
[n1.hitechdonkey.com/assets/images/feature/feature-thumb-09.webp]
[n1.hitechdonkey.com/assets/images/feature/feature-thumb-10.webp]
[n1.hitechdonkey.com/assets/images/shape/multi-line-shape.webp]
[n1.hitechdonkey.com/assets/images/about/4.webp]
[n1.hitechdonkey.com/assets/images/about/12.webp]
[n1.hitechdonkey.com/assets/images/about/13.webp]
[n1.hitechdonkey.com/assets/images/shape/testimonial-shape-02.webp]
[n1.hitechdonkey.com/assets/images/about/8.webp]
[n1.hitechdonkey.com/assets/images/user/indian-user-01.png]
[n1.hitechdonkey.com/assets/images/user/indian-user-02.png]
[n1.hitechdonkey.com/assets/images/user/indian-user-03.png]
[n1.hitechdonkey.com/assets/images/brand/brand-thumb-01.webp]
[n1.hitechdonkey.com/assets/images/brand/brand-thumb-02.webp]
[n1.hitechdonkey.com/assets/images/brand/brand-thumb-03.webp]
[n1.hitechdonkey.com/assets/images/brand/brand-thumb-04.webp]
[n1.hitechdonkey.com/assets/images/brand/brand-thumb-05.webp]
[n1.hitechdonkey.com/assets/images/brand/brand-thumb-06.webp]
[n1.hitechdonkey.com/assets/images/blog/blog-thumb-01.webp]
[n1.hitechdonkey.com/assets/images/blog/blog-thumb-02.webp]
[n1.hitechdonkey.com/assets/images/blog/blog-thumb-03.webp]
[n1.hitechdonkey.com/assets/images/blog/blog-thumb-04.webp]
[n1.hitechdonkey.com/assets/images/shape/footer-shape-01.webp]
[n1.hitechdonkey.com/assets/images/shape/footer-shape-02.webp]
[n1.hitechdonkey.com/assets/images/brand/brand-thumb-07.webp]
[n1.hitechdonkey.com/assets/images/brand/brand-thumb-08.webp]
[n1.hitechdonkey.com/assets/images/brand/brand-thumb-09.webp]
[n1.hitechdonkey.com/assets/js/vendor/bootstrap.bundle.min.js]
[n1.hitechdonkey.com/assets/js/vendor/jquery-3.7.1.min.js]
[cdn.jsdelivr.net/npm/wowjs@1.1.3/dist/wow.min.js]
[cdn.jsdelivr.net/npm/magnific-popup@1.1.0/dist/jquery.magnific-popup.min.js]
[cdn.jsdelivr.net/npm/swiper@11/swiper-bundle.min.js]
[cdn.jsdelivr.net/npm/isotope-layout@3.0.6/dist/isotope.pkgd.min.js]
[cdn.jsdelivr.net/npm/imagesloaded@5.0.0/imagesloaded.pkgd.min.js]
[n1.hitechdonkey.com/assets/js/vendor/ajax-form.js]
[cdn.jsdelivr.net/npm/@studio-freight/lenis@1.0.34/dist/lenis.min.js]
[n1.hitechdonkey.com/assets/js/plugins/rs-splitText.min.js]
[n1.hitechdonkey.com/assets/js/plugins/rs-anim-int.js]
[n1.hitechdonkey.com/assets/js/plugins/rs-scroll-trigger.min.js]
[cdn.jsdelivr.net/npm/jquery.appear@1.0.1/jquery.appear.min.js]
[cdn.jsdelivr.net/npm/jquery-nice-select@1.1.0/js/jquery.nice-select.min.js]
[cdn.jsdelivr.net/npm/gsap@3.12.5/dist/gsap.min.js]
[n1.hitechdonkey.com/index.html]
[cdn.jsdelivr.net/npm/odometer@0.4.8/odometer.min.js]
[n1.hitechdonkey.com/assets/css/vendor/bootstrap.min.css]
[n1.hitechdonkey.com/assets/css/vendor/animate.min.css]
[cdn.jsdelivr.net/npm/swiper@11/swiper-bundle.min.css]
[n1.hitechdonkey.com/assets/css/plugins/nice-select.css]
[n1.hitechdonkey.com/assets/css/plugins/flatpickr.min.css]
[n1.hitechdonkey.com/assets/css/plugins/nouislider.min.css]
[n1.hitechdonkey.com/assets/css/vendor/magnific-popup.css]
[n1.hitechdonkey.com/assets/css/vendor/odometer.min.css]
[n1.hitechdonkey.com/assets/css/vendor/spacing.css]
[cdn.jsdelivr.net/npm/nouislider@15.7.1/dist/nouislider.min.js]
[n1.hitechdonkey.com/assets/js/main.js]
[cdn.jsdelivr.net/npm/remixicon@4.3.0/fonts/remixicon0c93.woff2]
[cdn.jsdelivr.net/npm/remixicon@4.3.0/fonts/remixicon0c93.woff]
[cdn.jsdelivr.net/npm/remixicon@4.3.0/fonts/remixicon0c93.eot]
[cdn.jsdelivr.net/npm/remixicon@4.3.0/fonts/remixicon0c93.ttf]
[cdn.jsdelivr.net/npm/remixicon@4.3.0/fonts/remixicon.css]
[n1.hitechdonkey.com/assets/css/main.css]
[n1.hitechdonkey.com/assets/images/about/15.webp]
[n1.hitechdonkey.com/assets/images/work/working-thumb-03.webp]
[n1.hitechdonkey.com/about-mission.html]
[n1.hitechdonkey.com/index-2.html]
[n1.hitechdonkey.com/assets/images/about/16.webp]
[n1.hitechdonkey.com/assets/images/feature/feature-thumb-13.webp]
[n1.hitechdonkey.com/assets/images/feature/feature-thumb-14.webp]
[n1.hitechdonkey.com/assets/images/feature/feature-thumb-15.webp]
[n1.hitechdonkey.com/assets/images/feature/feature-thumb-16.webp]
[n1.hitechdonkey.com/assets/images/feature/feature-thumb-17.webp]
[cdn.jsdelivr.net/npm/remixicon@4.3.0/fonts/remixicon0c93.svg]
[n1.hitechdonkey.com/assets/images/feature/feature-thumb-11.webp]
[n1.hitechdonkey.com/assets/images/brand/brand-thumb-10.webp]
[n1.hitechdonkey.com/assets/images/brand/brand-thumb-11.webp]
[n1.hitechdonkey.com/assets/images/brand/brand-thumb-13.webp]
[n1.hitechdonkey.com/assets/images/brand/brand-thumb-14.webp]
[n1.hitechdonkey.com/assets/images/brand/brand-thumb-15.webp]
[n1.hitechdonkey.com/assets/images/brand/brand-thumb-16.webp]
[n1.hitechdonkey.com/assets/images/shape/cta-shape-01.webp]
[n1.hitechdonkey.com/assets/images/shape/squre-shape.webp]
[n1.hitechdonkey.com/assets/images/cta/cta-thumb-01.webp]
[n1.hitechdonkey.com/industry-clients.html]
[n1.hitechdonkey.com/assets/images/about/34.webp]
[n1.hitechdonkey.com/assets/images/favicon.webp]
[n1.hitechdonkey.com/awards.html]
[n1.hitechdonkey.com/careers-culture.html]
[n1.hitechdonkey.com/assets/images/about/9.webp]
[n1.hitechdonkey.com/assets/images/about/17.webp]
[n1.hitechdonkey.com/assets/images/services/services-thumb-10.webp]
[n1.hitechdonkey.com/assets/images/services/services-thumb-11.webp]
[n1.hitechdonkey.com/assets/images/services/services-thumb-12.webp]
[n1.hitechdonkey.com/assets/images/services/services-thumb-14.webp]
[n1.hitechdonkey.com/assets/images/services/services-thumb-15.webp]
[n1.hitechdonkey.com/assets/images/services/services-thumb-16.webp]
[n1.hitechdonkey.com/assets/images/about/14.webp]
[n1.hitechdonkey.com/assets/images/about/5.webp]
[n1.hitechdonkey.com/assets/images/about/22.webp]
[n1.hitechdonkey.com/assets/images/about/6.webp]
[n1.hitechdonkey.com/assets/images/testimonial/testimonial-thumb-01.webp]
[n1.hitechdonkey.com/it-emerging-tech-enablement.html]
[n1.hitechdonkey.com/iot-and-rfid.html]
[n1.hitechdonkey.com/application-development.html]
[n1.hitechdonkey.com/customized-software-development.html]
[n1.hitechdonkey.com/emerging-tech.html]
[n1.hitechdonkey.com/assessment-and-testing.html]
[n1.hitechdonkey.com/cognitive-domain.html]
[n1.hitechdonkey.com/online-offline.html]
[n1.hitechdonkey.com/proctoring.html]
[n1.hitechdonkey.com/recruitment-and-hiring.html]
[n1.hitechdonkey.com/screening.html]
[n1.hitechdonkey.com/assessments.html]
[n1.hitechdonkey.com/merit-lists.html]
[n1.hitechdonkey.com/exam-management.html]
[n1.hitechdonkey.com/question-banks.html]
[n1.hitechdonkey.com/exam-conduct.html]
[n1.hitechdonkey.com/exam-processing.html]
[n1.hitechdonkey.com/manpower-and-workforce.html]
[n1.hitechdonkey.com/outsourcing.html]
[n1.hitechdonkey.com/staffing.html]
[n1.hitechdonkey.com/deployment.html]
[n1.hitechdonkey.com/call-center-and-bpos.html]
[n1.hitechdonkey.com/inbound-outbound.html]
[n1.hitechdonkey.com/support.html]
[n1.hitechdonkey.com/tele-calling.html]
[n1.hitechdonkey.com/assets/images/about/11.webp]
[n1.hitechdonkey.com/assets/images/feature/feature-thumb-01.webp]
[n1.hitechdonkey.com/assets/images/feature/feature-thumb-02.webp]
[n1.hitechdonkey.com/assets/images/feature/feature-thumb-03.webp]
[n1.hitechdonkey.com/assets/images/feature/feature-thumb-04.webp]
[n1.hitechdonkey.com/assets/images/about/20.webp]
[n1.hitechdonkey.com/assets/images/shape/award-shape.webp]
[n1.hitechdonkey.com/why-choose-us.html]
[n1.hitechdonkey.com/assets/images/blog/blog-thumb-05.webp]
[n1.hitechdonkey.com/assets/images/blog/blog-thumb-06.webp]
[n1.hitechdonkey.com/articles.html]
[n1.hitechdonkey.com/faq.html]
[n1.hitechdonkey.com/case-study-details.html]
[n1.hitechdonkey.com/case-study.html]
[n1.hitechdonkey.com/assets/images/shape/squre-shape-03.webp]
[n1.hitechdonkey.com/assets/images/shape/about-shape-01.webp]
[n1.hitechdonkey.com/assets/images/about/39.webp]
[n1.hitechdonkey.com/assets/images/user/client-group.webp]
[n1.hitechdonkey.com/assets/images/user/indian-user-04.png]
[n1.hitechdonkey.com/contact.html]
[n1.hitechdonkey.com/services.html]
[n1.hitechdonkey.com/services-details.html]
[n1.hitechdonkey.com/assets/images/shape/half-house-shape.webp]
[n1.hitechdonkey.com/assets/images/shape/group-triangle-shape.webp]
[n1.hitechdonkey.com/assets/images/about/about-thumb-06.webp]
[n1.hitechdonkey.com/assets/images/work/working-thumb-04.webp]
[n1.hitechdonkey.com/assets/images/contact/contact-thumb-09.webp]
[n1.hitechdonkey.com/assets/images/contact/contact-thumb-06.webp]
[n1.hitechdonkey.com/assets/images/contact/contact-thumb-02.webp]
[n1.hitechdonkey.com/assets/images/why-choose/why-choose-thumb-06.webp]
[n1.hitechdonkey.com/assets/images/work/working-thumb-01.webp]
[n1.hitechdonkey.com/solutions.html]
[n1.hitechdonkey.com/industry.html]
[n1.hitechdonkey.com/portfolio.html]
[n1.hitechdonkey.com/portfolio-details.html]
[n1.hitechdonkey.com/blog-details.html]
[n1.hitechdonkey.com/terms-conditions.html]
[n1.hitechdonkey.com/privacy-policy.html]
[cdn.jsdelivr.net/npm/meanmenu@2.0.8/jquery.meanmenu.min.js]
